
> sprazo-nextjs@0.1.0 build
> next build

⚠ Warning: Next.js inferred your workspace root, but it may not be correct.
 We detected multiple lockfiles and selected the directory of C:\Users\thaibao\package-lock.json as the root directory.
 To silence this warning, set `turbopack.root` in your Next.js config, or consider removing one of the lockfiles if it's not needed.
   See https://nextjs.org/docs/app/api-reference/config/next-config-js/turbopack#root-directory for more information.
 Detected additional lockfiles: 
   * C:\Users\thaibao\Documents\crawlerwebsite\sprazo-nextjs\package-lock.json
   * C:\Users\thaibao\Documents\crawlerwebsite\package-lock.json

▲ Next.js 16.1.6 (Turbopack)

  Creating an optimized production build ...
✓ Compiled successfully in 3.8s
  Running TypeScript ...
  Collecting page data using 15 workers ...
  Generating static pages using 15 workers (0/24) ...
  Generating static pages using 15 workers (6/24) 
  Generating static pages using 15 workers (12/24) 
  Generating static pages using 15 workers (18/24) 
✓ Generating static pages using 15 workers (24/24) in 1204.6ms
  Finalizing page optimization ...

Route (app)
┌ ○ /
├ ○ /_not-found
├ ○ /about
├ ○ /blog
├ ƒ /blog/[id]
├ ○ /cart
├ ○ /checkout
├ ○ /compare
├ ○ /contact
├ ○ /faq
├ ○ /forgot
├ ○ /grocery
├ ○ /login
├ ○ /offer
├ ○ /offers
├ ƒ /product/[id]
├ ƒ /product/[id]/gallery
├ ○ /register
├ ○ /shop
├ ○ /shop/banner
├ ○ /shop/list
├ ○ /shop/list/banner
├ ○ /terms
├ ○ /track-order
└ ○ /wishlist


○  (Static)   prerendered as static content
ƒ  (Dynamic)  server-rendered on demand

